// Jest Snapshot v1, https://goo.gl/fbAQLP

exports[`shows up help information without passing in any args 1`] = `
"Usage: bin [command] [options]

Options:
  -v                            Output the current version
  -h, --help                    display help for command

Commands:
  init [options] <projectName>  Initialize a new React Native project named
                                <projectName> in a directory of the same name.
  help [command]                display help for command"
`;
